Active code page: 65001
PASS tests_approval (2.19s)
PASS tests_backfill (0.48s)
PASS tests_browser_workflow (13.56s)
PASS tests_calendar_api (0.75s)
PASS tests_channel_selection (7.05s)
PASS tests_chrome (0.77s)
PASS tests_composer_media (1.34s)
PASS tests_content_recovery (1.16s)
PASS tests_delta_logged_in (2.7s)
PASS tests_dryrun_delta (1.09s)
PASS tests_engine_operating_settings (0.38s)
PASS tests_fb_graph (0.26s)
PASS tests_feishu (0.95s)
PASS tests_hashtag_rank (0.72s)
PASS tests_hashtag_sampling (0.49s)
PASS tests_heartbeat (0.69s)
PASS tests_history (2.69s)
PASS tests_human_translation (2.44s)
PASS tests_hygiene (2.91s)
PASS tests_independent_lanes (0.38s)
PASS tests_index_db (0.38s)
PASS tests_initial_translation (1.39s)
PASS tests_integrity (0.22s)
PASS tests_localization (0.28s)
PASS tests_localization_pipeline (0.81s)
PASS tests_localize_images (5.55s)
PASS tests_mirror (3.86s)
PASS tests_monitoring (1.0s)
PASS tests_month_inventory (14.56s)
PASS tests_month_readback (0.28s)
PASS tests_network_evidence (0.94s)
PASS tests_notify (0.09s)
FAIL tests_operating_settings (0.19s)
...F.
======================================================================
FAIL: test_preserves_other_bytes_and_reloads_current_values (__main__.OperatingSettingsTests.test_preserves_other_bytes_and_reloads_current_values)
----------------------------------------------------------------------
Traceback (most recent call last):
  File "D:\VSCodeWorkspace\Facebook\FacebookScraper\.worktrees\business-workflow\tests\tests_operating_settings.py", line 34, in test_preserves_other_bytes_and_reloads_current_values
    self.assertEqual(config.cfg().get('review', 'snooze_default_days'), 4)
AssertionError: 3 != 4

----------------------------------------------------------------------
Ran 5 tests in 0.030s

FAILED (failures=1)

PASS tests_paid_consent (0.58s)
PASS tests_paid_requests (0.42s)
PASS tests_parse (0.09s)
PASS tests_pipeline (0.5s)
PASS tests_pipeline_assisted (0.75s)
PASS tests_pipeline_e2e (1.01s)
PASS tests_pipeline_human (0.66s)
PASS tests_pipeline_service (1.47s)
PASS tests_planner_cache (0.58s)
PASS tests_planning (0.2s)
PASS tests_publication_recovery (2.03s)
PASS tests_publish (53.69s)
PASS tests_publish_sources (0.22s)
PASS tests_publish_v2 (41.27s)
PASS tests_query_index (2.23s)
PASS tests_refinement (1.33s)
PASS tests_replay (0.8s)
PASS tests_review (0.58s)
PASS tests_review_notifications (1.27s)
PASS tests_risk_scan (0.98s)
PASS tests_runtime_config (0.16s)
PASS tests_runtime_recovery (1.09s)
PASS tests_runtime_status (0.42s)
PASS tests_schedule (0.14s)
PASS tests_scheduler_recovery (1.75s)
PASS tests_storage_v2 (1.44s)
PASS tests_store (1.08s)
PASS tests_store_boundaries (0.28s)
PASS tests_store_links (0.45s)
PASS tests_translate (2.2s)
PASS tests_trends_export (0.33s)
PASS tests_web_review (8.0s)
64/65 scripts passed; evidence D:\VSCodeWorkspace\Facebook\FacebookScraper\.worktrees\business-workflow\state\offline-validation-20260913T170652Z
